[    0.000000] Initializing cgroup subsys cpuset
[    0.000000] Initializing cgroup subsys cpu
[    0.000000] Initializing cgroup subsys cpuacct
[    0.000000] Linux version 4.4.0-204-generic (buildd@lgw01-amd64-018) (gcc version 5.4.0 20160609 (Ubuntu 5.4.0-6ubuntu1~16.04.12) ) #236-Ubuntu SMP Fri Feb 19 16:11:27 UTC 2021 (Ubuntu 4.4.0-204.236-generic 4.4.254)
[    0.000000] Command line: BOOT_IMAGE=/boot/vmlinuz-4.4.0-204-generic root=LABEL=cloudimg-rootfs ro console=tty1 console=ttyS0
[    0.000000] KERNEL supported cpus:
[    0.000000]   Intel GenuineIntel
[    0.000000]   AMD AuthenticAMD
[    0.000000]   Centaur CentaurHauls
[    0.000000] [Firmware Bug]: TSC doesn't count with P0 frequency!
[    0.000000] x86/fpu: xstate_offset[2]:  576, xstate_sizes[2]:  256
[    0.000000] x86/fpu: Supporting XSAVE feature 0x01: 'x87 floating point registers'
[    0.000000] x86/fpu: Supporting XSAVE feature 0x02: 'SSE registers'
[    0.000000] x86/fpu: Supporting XSAVE feature 0x04: 'AVX registers'
[    0.000000] x86/fpu: Enabled xstate features 0x7, context size is 832 bytes, using 'standard' format.
[    0.000000] e820: BIOS-provided physical RAM map:
[    0.000000] BIOS-e820: [mem 0x0000000000000000-0x000000000009fbff] usable
[    0.000000] BIOS-e820: [mem 0x000000000009fc00-0x000000000009ffff] reserved
[    0.000000] BIOS-e820: [mem 0x00000000000f0000-0x00000000000fffff] reserved
[    0.000000] BIOS-e820: [mem 0x0000000000100000-0x000000003ffeffff] usable
[    0.000000] BIOS-e820: [mem 0x000000003fff0000-0x000000003fffffff] ACPI data
[    0.000000] BIOS-e820: [mem 0x00000000fec00000-0x00000000fec00fff] reserved
[    0.000000] BIOS-e820: [mem 0x00000000fee00000-0x00000000fee00fff] reserved
[    0.000000] BIOS-e820: [mem 0x00000000fffc0000-0x00000000ffffffff] reserved
[    0.000000] NX (Execute Disable) protection: active
[    0.000000] SMBIOS 2.5 present.
[    0.000000] Hypervisor detected: KVM
[    0.000000] Kernel/User page tables isolation: disabled
[    0.000000] e820: last_pfn = 0x3fff0 max_arch_pfn = 0x400000000
[    0.000000] MTRR: Disabled
[    0.000000] x86/PAT: MTRRs disabled, skipping PAT initialization too.
[    0.000000] CPU MTRRs all blank - virtualized system.
[    0.000000] x86/PAT: Configuration [0-7]: WB  WT  UC- UC  WB  WT  UC- UC  
[    0.000000] found SMP MP-table at [mem 0x0009fff0-0x0009ffff] mapped at [ffff88000009fff0]
[    0.000000] Scanning 1 areas for low memory corruption
[    0.000000] RAMDISK: [mem 0x362de000-0x37166fff]
[    0.000000] ACPI: Early table checksum verification disabled
[    0.000000] ACPI: RSDP 0x00000000000E0000 000024 (v02 VBOX  )
[    0.000000] ACPI: XSDT 0x000000003FFF0030 00003C (v01 VBOX   VBOXXSDT 00000001 ASL  00000061)
[    0.000000] ACPI: FACP 0x000000003FFF00F0 0000F4 (v04 VBOX   VBOXFACP 00000001 ASL  00000061)
[    0.000000] ACPI: DSDT 0x000000003FFF0470 002325 (v02 VBOX   VBOXBIOS 00000002 INTL 20190509)
[    0.000000] ACPI: FACS 0x000000003FFF0200 000040
[    0.000000] ACPI: FACS 0x000000003FFF0200 000040
[    0.000000] ACPI: APIC 0x000000003FFF0240 00005C (v02 VBOX   VBOXAPIC 00000001 ASL  00000061)
[    0.000000] ACPI: SSDT 0x000000003FFF02A0 0001CC (v01 VBOX   VBOXCPUT 00000002 INTL 20190509)
[    0.000000] No NUMA configuration found
[    0.000000] Faking a node at [mem 0x0000000000000000-0x000000003ffeffff]
[    0.000000] NODE_DATA(0) allocated [mem 0x3ffeb000-0x3ffeffff]
[    0.000000] kvm-clock: Using msrs 4b564d01 and 4b564d00
[    0.000000] kvm-clock: cpu 0, msr 0:3ffe3001, primary cpu clock
[    0.000000] kvm-clock: using sched offset of 3116001371 cycles
[    0.000000] clocksource: kvm-clock: mask: 0xffffffffffffffff max_cycles: 0x1cd42e4dffb, max_idle_ns: 881590591483 ns
[    0.000000] Zone ranges:
[    0.000000]   DMA      [mem 0x0000000000001000-0x0000000000ffffff]
[    0.000000]   DMA32    [mem 0x0000000001000000-0x000000003ffeffff]
[    0.000000]   Normal   empty
[    0.000000]   Device   empty
[    0.000000] Movable zone start for each node
[    0.000000] Early memory node ranges
[    0.000000]   node   0: [mem 0x0000000000001000-0x000000000009efff]
[    0.000000]   node   0: [mem 0x0000000000100000-0x000000003ffeffff]
[    0.000000] Initmem setup node 0 [mem 0x0000000000001000-0x000000003ffeffff]
[    0.000000] ACPI: PM-Timer IO Port: 0x4008
[    0.000000] IOAPIC[0]: apic_id 2, version 32, address 0xfec00000, GSI 0-23
[    0.000000] ACPI: INT_SRC_OVR (bus 0 bus_irq 0 global_irq 2 dfl dfl)
[    0.000000] ACPI: INT_SRC_OVR (bus 0 bus_irq 9 global_irq 9 low level)
[    0.000000] Using ACPI (MADT) for SMP configuration information
[    0.000000] smpboot: Allowing 2 CPUs, 0 hotplug CPUs
[    0.000000] PM: Registered nosave memory: [mem 0x00000000-0x00000fff]
[    0.000000] PM: Registered nosave memory: [mem 0x0009f000-0x0009ffff]
[    0.000000] PM: Registered nosave memory: [mem 0x000a0000-0x000effff]
[    0.000000] PM: Registered nosave memory: [mem 0x000f0000-0x000fffff]
[    0.000000] e820: [mem 0x40000000-0xfebfffff] available for PCI devices
[    0.000000] Booting paravirtualized kernel on KVM
[    0.000000] clocksource: refined-jiffies: mask: 0xffffffff max_cycles: 0xffffffff, max_idle_ns: 7645519600211568 ns
[    0.000000] setup_percpu: NR_CPUS:512 nr_cpumask_bits:512 nr_cpu_ids:2 nr_node_ids:1
[    0.000000] PERCPU: Embedded 33 pages/cpu @ffff88003fc00000 s95640 r8192 d31336 u1048576
[    0.000000] Built 1 zonelists in Node order, mobility grouping on.  Total pages: 257912
[    0.000000] Policy zone: DMA32
[    0.000000] Kernel command line: BOOT_IMAGE=/boot/vmlinuz-4.4.0-204-generic root=LABEL=cloudimg-rootfs ro console=tty1 console=ttyS0
[    0.000000] PID hash table entries: 4096 (order: 3, 32768 bytes)
[    0.000000] Memory: 997656K/1048120K available (8641K kernel code, 1337K rwdata, 4044K rodata, 1496K init, 1296K bss, 50464K reserved, 0K cma-reserved)
[    0.000000] SLUB: HWalign=64, Order=0-3, MinObjects=0, CPUs=2, Nodes=1
[    0.000000] Hierarchical RCU implementation.
[    0.000000] 	Build-time adjustment of leaf fanout to 64.
[    0.000000] 	RCU restricting CPUs from NR_CPUS=512 to nr_cpu_ids=2.
[    0.000000] RCU: Adjusting geometry for rcu_fanout_leaf=64, nr_cpu_ids=2
[    0.000000] NR_IRQS:33024 nr_irqs:440 16
[    0.000000] Console: colour VGA+ 80x25
[    0.000000] console [tty1] enabled
[    0.000000] console [ttyS0] enabled
[    0.000000] tsc: Detected 2096.062 MHz processor
[    0.091064] Calibrating delay loop (skipped) preset value.. 4192.12 BogoMIPS (lpj=8384248)
[    0.092301] pid_max: default: 32768 minimum: 301
[    0.092973] ACPI: Core revision 20150930
[    0.094408] ACPI: 2 ACPI AML tables successfully acquired and loaded
[    0.095335] Security Framework initialized
[    0.095790] Yama: becoming mindful.
[    0.096230] AppArmor: AppArmor initialized
[    0.096733] Dentry cache hash table entries: 131072 (order: 8, 1048576 bytes)
[    0.097497] Inode-cache hash table entries: 65536 (order: 7, 524288 bytes)
[    0.098861] Mount-cache hash table entries: 2048 (order: 2, 16384 bytes)
[    0.099526] Mountpoint-cache hash table entries: 2048 (order: 2, 16384 bytes)
[    0.100383] Initializing cgroup subsys io
[    0.100872] Initializing cgroup subsys memory
[    0.101341] Initializing cgroup subsys devices
[    0.101813] Initializing cgroup subsys freezer
[    0.102282] Initializing cgroup subsys net_cls
[    0.102751] Initializing cgroup subsys perf_event
[    0.103236] Initializing cgroup subsys net_prio
[    0.103708] Initializing cgroup subsys hugetlb
[    0.104232] Initializing cgroup subsys pids
[    0.211510] mce: CPU supports 0 MCE banks
[    0.212109] Last level iTLB entries: 4KB 1024, 2MB 1024, 4MB 512
[    0.212686] Last level dTLB entries: 4KB 1536, 2MB 1536, 4MB 768, 1GB 0
[    0.213329] Spectre V1 : Mitigation: usercopy/swapgs barriers and __user pointer sanitization
[    0.214208] Spectre V2 : Spectre mitigation: LFENCE not serializing, switching to generic retpoline
[    0.215154] Spectre V2 : Mitigation: Full generic retpoline
[    0.215843] Spectre V2 : Spectre v2 / SpectreRSB mitigation: Filling RSB on context switch
[    0.216743] Speculative Store Bypass: Mitigation: Speculative Store Bypass disabled via prctl and seccomp
[    0.219600] Freeing SMP alternatives memory: 36K
[    0.224513] ftrace: allocating 32368 entries in 127 pages
[    0.274206] smpboot: APIC(0) Converting physical 0 to logical package 0
[    0.275080] smpboot: Max logical packages: 1
[    0.275798] x2apic enabled
[    0.276432] Switched APIC routing to physical x2apic.
[    0.277891] ..TIMER: vector=0x30 apic1=0 pin1=2 apic2=-1 pin2=-1
[    0.386657] smpboot: CPU0: AMD Ryzen 5 3500U with Radeon Vega Mobile Gfx (family: 0x17, model: 0x18, stepping: 0x1)
[    0.388735] Performance Events: Broken PMU hardware detected, using software events only.
[    0.390008] Failed to access perfctr msr (MSR c0010007 is 0)
[    0.397007] KVM setup paravirtual spinlock
[    0.400208] x86: Booting SMP configuration:
[    0.400812] .... node  #0, CPUs:      #1
[    0.401626] kvm-clock: cpu 1, msr 0:3ffe3041, secondary cpu clock
[    0.508448] mce: CPU supports 0 MCE banks
[    0.510729] TSC synchronization [CPU#0 -> CPU#1]:
[    0.511450] Measured 147 cycles TSC warp between CPUs, turning off TSC clock.
[    0.512198] tsc: Marking TSC unstable due to check_tsc_sync_source failed
[    0.513097] x86: Booted up 1 node, 2 CPUs
[    0.513634] smpboot: Total of 2 processors activated (8384.24 BogoMIPS)
[    0.392013] devtmpfs: initialized
[    0.394554] evm: security.selinux
[    0.395039] evm: security.SMACK64
[    0.395501] evm: security.SMACK64EXEC
[    0.396000] evm: security.SMACK64TRANSMUTE
[    0.396000] evm: security.SMACK64MMAP
[    0.396000] evm: security.ima
[    0.396000] evm: security.capability
[    0.396141] clocksource: jiffies: mask: 0xffffffff max_cycles: 0xffffffff, max_idle_ns: 7645041785100000 ns
[    0.396141] futex hash table entries: 512 (order: 3, 32768 bytes)
[    0.400057] pinctrl core: initialized pinctrl subsystem
[    0.400795] RTC time: 20:06:13, date: 05/26/21
[    0.405350] NET: Registered protocol family 16
[    0.416010] cpuidle: using governor ladder
[    0.428011] cpuidle: using governor menu
[    0.429613] PCCT header not found.
[    0.432578] ACPI: bus type PCI registered
[    0.433928] acpiphp: ACPI Hot Plug PCI Controller Driver version: 0.5
[    0.436141] PCI: Using configuration type 1 for base access
[    0.437637] PCI: Using configuration type 1 for extended access
[    0.452169] ACPI: Added _OSI(Module Device)
[    0.452169] ACPI: Added _OSI(Processor Device)
[    0.453460] ACPI: Added _OSI(3.0 _SCP Extensions)
[    0.454858] ACPI: Added _OSI(Processor Aggregator Device)
[    0.456781] ACPI: Executed 1 blocks of module-level executable AML code
[    0.462546] ACPI: Interpreter enabled
[    0.464019] ACPI: (supports S0 S5)
[    0.465168] ACPI: Using IOAPIC for interrupt routing
[    0.466431] PCI: Using host bridge windows from ACPI; if necessary, use "pci=nocrs" and report a bug
[    0.470460] ACPI: PCI Root Bridge [PCI0] (domain 0000 [bus 00-ff])
[    0.471074] acpi PNP0A03:00: _OSC: OS supports [ExtendedConfig ASPM ClockPM Segments MSI]
[    0.472000] acpi PNP0A03:00: _OSC: platform does not support [PCIeCapability]
[    0.472242] acpi PNP0A03:00: _OSC: not requesting control; platform does not support [PCIeCapability]
[    0.473388] acpi PNP0A03:00: _OSC: OS requested [PCIeHotplug PME AER PCIeCapability]
[    0.474266] acpi PNP0A03:00: _OSC: platform willing to grant [PCIeHotplug PME AER]
[    0.476003] acpi PNP0A03:00: _OSC failed (AE_SUPPORT); disabling ASPM
[    0.476942] PCI host bridge to bus 0000:00
[    0.477508] pci_bus 0000:00: root bus resource [io  0x0000-0x0cf7 window]
[    0.480003] pci_bus 0000:00: root bus resource [io  0x0d00-0xffff window]
[    0.480789] pci_bus 0000:00: root bus resource [mem 0x000a0000-0x000bffff window]
[    0.481723] pci_bus 0000:00: root bus resource [mem 0x40000000-0xfdffffff window]
[    0.482711] pci_bus 0000:00: root bus resource [bus 00-ff]
[    0.484996] pci 0000:00:01.1: legacy IDE quirk: reg 0x10: [io  0x01f0-0x01f7]
[    0.485700] pci 0000:00:01.1: legacy IDE quirk: reg 0x14: [io  0x03f6]
[    0.486369] pci 0000:00:01.1: legacy IDE quirk: reg 0x18: [io  0x0170-0x0177]
[    0.487048] pci 0000:00:01.1: legacy IDE quirk: reg 0x1c: [io  0x0376]
[    0.506667] pci 0000:00:07.0: quirk: [io  0x4000-0x403f] claimed by PIIX4 ACPI
[    0.508023] pci 0000:00:07.0: quirk: [io  0x4100-0x410f] claimed by PIIX4 SMB
[    0.522798] ACPI: PCI Interrupt Link [LNKA] (IRQs 5 9 10 *11)
[    0.524000] ACPI: PCI Interrupt Link [LNKB] (IRQs 5 9 *10 11)
[    0.524000] ACPI: PCI Interrupt Link [LNKC] (IRQs 5 *9 10 11)
[    0.524589] ACPI: PCI Interrupt Link [LNKD] (IRQs 5 9 10 *11)
[    0.526895] ACPI: Enabled 2 GPEs in block 00 to 07
[    0.528274] vgaarb: setting as boot device: PCI:0000:00:02.0
[    0.529504] vgaarb: device added: PCI:0000:00:02.0,decodes=io+mem,owns=io+mem,locks=none
[    0.531583] vgaarb: loaded
[    0.532003] vgaarb: bridge control possible 0000:00:02.0
[    0.532938] SCSI subsystem initialized
[    0.533521] ACPI: bus type USB registered
[    0.536056] usbcore: registered new interface driver usbfs
[    0.538044] usbcore: registered new interface driver hub
[    0.540020] usbcore: registered new device driver usb
[    0.544095] PCI: Using ACPI for IRQ routing
[    0.545947] NetLabel: Initializing
[    0.548009] NetLabel:  domain hash size = 128
[    0.549420] NetLabel:  protocols = UNLABELED CIPSOv4
[    0.550488] NetLabel:  unlabeled traffic allowed by default
[    0.552060] amd_nb: Cannot enumerate AMD northbridges
[    0.553147] clocksource: Switched to clocksource kvm-clock
[    0.560846] AppArmor: AppArmor Filesystem Enabled
[    0.560846] pnp: PnP ACPI init
[    0.560846] pnp: PnP ACPI: found 3 devices
[    0.573571] clocksource: acpi_pm: mask: 0xffffff max_cycles: 0xffffff, max_idle_ns: 2085701024 ns
[    0.575308] NET: Registered protocol family 2
[    0.576578] TCP established hash table entries: 8192 (order: 4, 65536 bytes)
[    0.577809] TCP bind hash table entries: 8192 (order: 5, 131072 bytes)
[    0.579016] TCP: Hash tables configured (established 8192 bind 8192)
[    0.580960] UDP hash table entries: 512 (order: 2, 16384 bytes)
[    0.582075] UDP-Lite hash table entries: 512 (order: 2, 16384 bytes)
[    0.583364] NET: Registered protocol family 1
[    0.584130] pci 0000:00:00.0: Limiting direct PCI/PCI transfers
[    0.584130] pci 0000:00:01.0: Activating ISA DMA hang workarounds
[    0.584130] Unpacking initramfs...
[    0.810706] Freeing initrd memory: 14884K
[    0.811602] clocksource: tsc: mask: 0xffffffffffffffff max_cycles: 0x1e36a88731c, max_idle_ns: 440795269020 ns
[    0.813520] platform rtc_cmos: registered platform RTC device (no PNP device found)
[    0.814880] Scanning for low memory corruption every 60 seconds
[    0.816570] audit: initializing netlink subsys (disabled)
[    0.818110] audit: type=2000 audit(1622059578.940:1): initialized
[    0.820310] Initialise system trusted keyring
[    0.821951] HugeTLB registered 2 MB page size, pre-allocated 0 pages
[    0.824101] zbud: loaded
[    0.825516] VFS: Disk quotas dquot_6.6.0
[    0.827141] VFS: Dquot-cache hash table entries: 512 (order 0, 4096 bytes)
[    0.829471] squashfs: version 4.0 (2009/01/31) Phillip Lougher
[    0.831617] fuse init (API version 7.23)
[    0.833589] Key type big_key registered
[    0.834210] Allocating IMA MOK and blacklist keyrings.
[    0.836169] Key type asymmetric registered
[    0.836838] Asymmetric key parser 'x509' registered
[    0.837616] Block layer SCSI generic (bsg) driver version 0.4 loaded (major 249)
[    0.838825] io scheduler noop registered
[    0.840216] io scheduler deadline registered (default)
[    0.841971] io scheduler cfq registered
[    0.843398] pci_hotplug: PCI Hot Plug PCI Core version: 0.5
[    0.845212] pciehp: PCI Express Hot Plug Controller Driver version: 0.4
[    0.847248] ACPI: AC Adapter [AC] (on-line)
[    0.848813] input: Power Button as /devices/LNXSYSTM:00/LNXPWRBN:00/input/input0
[    0.851098] ACPI: Power Button [PWRF]
[    0.852501] input: Sleep Button as /devices/LNXSYSTM:00/LNXSLPBN:00/input/input1
[    0.854295] ACPI: Sleep Button [SLPF]
[    0.855091] GHES: HEST is not enabled!
[    0.855452] ACPI: Battery Slot [BAT0] (battery present)
[    0.858491] Serial: 8250/16550 driver, 32 ports, IRQ sharing enabled
[    0.881606] 00:02: ttyS0 at I/O 0x3f8 (irq = 4, base_baud = 115200) is a 16550A
[    0.885086] Linux agpgart interface v0.103
[    0.888285] loop: module loaded
[    0.890268] scsi host0: ata_piix
[    0.891522] scsi host1: ata_piix
[    0.892220] ata1: PATA max UDMA/33 cmd 0x1f0 ctl 0x3f6 bmdma 0xd000 irq 14
[    0.893986] ata2: PATA max UDMA/33 cmd 0x170 ctl 0x376 bmdma 0xd008 irq 15
[    0.896674] libphy: Fixed MDIO Bus: probed
[    0.898141] tun: Universal TUN/TAP device driver, 1.6
[    0.899776] tun: (C) 1999-2004 Max Krasnyansky <maxk@qualcomm.com>
[    0.901842] PPP generic driver version 2.4.2
[    0.903384] ehci_hcd: USB 2.0 'Enhanced' Host Controller (EHCI) Driver
[    0.904511] ehci-pci: EHCI PCI platform driver
[    0.905197] ehci-platform: EHCI generic platform driver
[    0.905952] ohci_hcd: USB 1.1 'Open' Host Controller (OHCI) Driver
[    0.906796] ohci-pci: OHCI PCI platform driver
[    0.907459] ohci-platform: OHCI generic platform driver
[    0.908262] uhci_hcd: USB Universal Host Controller Interface driver
[    0.909185] i8042: PNP: PS/2 Controller [PNP0303:PS2K,PNP0f03:PS2M] at 0x60,0x64 irq 1,12
[    0.910803] serio: i8042 KBD port at 0x60,0x64 irq 1
[    0.911537] serio: i8042 AUX port at 0x60,0x64 irq 12
[    0.912571] mousedev: PS/2 mouse device common for all mice
[    0.913683] input: AT Translated Set 2 keyboard as /devices/platform/i8042/serio0/input/input2
[    0.915227] rtc_cmos rtc_cmos: rtc core: registered rtc_cmos as rtc0
[    0.916173] rtc_cmos rtc_cmos: alarms up to one day, 114 bytes nvram
[    0.917066] i2c /dev entries driver
[    0.917705] device-mapper: uevent: version 1.0.3
[    0.918506] device-mapper: ioctl: 4.34.0-ioctl (2015-10-28) initialised: dm-devel@redhat.com
[    0.919776] ledtrig-cpu: registered to indicate activity on CPUs
[    0.921343] NET: Registered protocol family 10
[    0.923252] NET: Registered protocol family 17
[    0.924053] Key type dns_resolver registered
[    0.925215] registered taskstats version 1
[    0.925852] Loading compiled-in X.509 certificates
[    0.927190] Loaded X.509 cert 'Build time autogenerated kernel key: 7d89d4973e8e82529e7123890c54abbb198c4f27'
[    0.928638] zswap: loaded using pool lzo/zbud
[    0.932256] Key type trusted registered
[    0.937482] Key type encrypted registered
[    0.938763] AppArmor: AppArmor sha1 policy hashing enabled
[    0.940339] ima: No TPM chip found, activating TPM-bypass!
[    0.942076] ima: Allocated hash algorithm: sha1
[    0.943516] evm: HMAC attrs: 0x1
[    0.945088]   Magic number: 5:136:145
[    0.945843] ata_port ata2: hash matches
[    0.946519]  ata2: hash matches
[    0.947060] rtc_cmos rtc_cmos: setting system clock to 2021-05-26 20:06:14 UTC (1622059574)
[    0.948170] BIOS EDD facility v0.16 2004-Jun-25, 0 devices found
[    0.948784] EDD information not available.
[    1.079407] Freeing unused kernel memory: 1496K
[    1.080889] Write protecting the kernel read-only data: 14336k
[    1.083335] Freeing unused kernel memory: 1588K
[    1.085062] Freeing unused kernel memory: 52K
Loading, please wait...
starting version 229
[    1.104712] random: systemd-udevd: uninitialized urandom read (16 bytes read, 3 bits of entropy available)
[    1.105766] random: udevadm: uninitialized urandom read (16 bytes read, 3 bits of entropy available)
[    1.105894] random: udevadm: uninitialized urandom read (16 bytes read, 3 bits of entropy available)
[    1.114129] random: systemd-udevd: uninitialized urandom read (16 bytes read, 3 bits of entropy available)
[    1.116956] random: systemd-udevd: uninitialized urandom read (16 bytes read, 3 bits of entropy available)
[    1.118435] random: systemd-udevd: uninitialized urandom read (16 bytes read, 3 bits of entropy available)
[    1.120324] random: systemd-udevd: uninitialized urandom read (16 bytes read, 3 bits of entropy available)
[    1.120845] random: udevadm: uninitialized urandom read (16 bytes read, 3 bits of entropy available)
[    1.120978] random: udevadm: uninitialized urandom read (16 bytes read, 3 bits of entropy available)
[    1.121210] random: udevadm: uninitialized urandom read (16 bytes read, 3 bits of entropy available)
[    1.258976] Fusion MPT base driver 3.04.20
[    1.259635] Copyright (c) 1999-2008 LSI Corporation
[    1.263709] Fusion MPT SPI Host driver 3.04.20
[    1.264343] e1000: Intel(R) PRO/1000 Network Driver - version 7.3.21-k8-NAPI
[    1.264343] e1000: Copyright (c) 1999-2006 Intel Corporation.
[    1.270291] mptbase: ioc0: Initiating bringup
[    1.295105] AVX2 version of gcm_enc/dec engaged.
[    1.295769] AES CTR mode by8 optimization enabled
[    1.332342] ioc0: LSI53C1030 A0: Capabilities={Initiator}
[    1.625914] input: ImExPS/2 Generic Explorer Mouse as /devices/platform/i8042/serio1/input/input4
[    2.773509] scsi host2: ioc0: LSI53C1030 A0, FwRev=00000000h, Ports=1, MaxQ=256, IRQ=20
[    4.771555] scsi 2:0:0:0: Direct-Access     VBOX     HARDDISK         1.0  PQ: 0 ANSI: 5
[    4.774147] scsi target2:0:0: Beginning Domain Validation
[    4.778425] scsi target2:0:0: Domain Validation skipping write tests
[    4.780469] scsi target2:0:0: Ending Domain Validation
[    4.782340] scsi target2:0:0: asynchronous
[    4.784985] scsi 2:0:1:0: Direct-Access     VBOX     HARDDISK         1.0  PQ: 0 ANSI: 5
[    4.788000] scsi target2:0:1: Beginning Domain Validation
[    4.792366] scsi target2:0:1: Domain Validation skipping write tests
[    4.794315] scsi target2:0:1: Ending Domain Validation
[    4.795961] scsi target2:0:1: asynchronous
[    4.803414] sd 2:0:0:0: Attached scsi generic sg0 type 0
[    4.804711] sd 2:0:1:0: Attached scsi generic sg1 type 0
[    4.805653] sd 2:0:0:0: [sda] 83886080 512-byte logical blocks: (42.9 GB/40.0 GiB)
[    4.806869] sd 2:0:0:0: [sda] Write Protect is off
[    4.807602] sd 2:0:0:0: [sda] Incomplete mode parameter data
[    4.808324] sd 2:0:0:0: [sda] Assuming drive cache: write through
[    4.815264] sd 2:0:1:0: [sdb] 20480 512-byte logical blocks: (10.5 MB/10.0 MiB)
[    4.816879] sd 2:0:1:0: [sdb] Write Protect is off
[    4.817824] sd 2:0:1:0: [sdb] Incomplete mode parameter data
[    4.818628] sd 2:0:1:0: [sdb] Assuming drive cache: write through
[    4.846965]  sda: sda1
[    4.851004] sd 2:0:1:0: [sdb] Attached SCSI disk
[    4.853340] sd 2:0:0:0: [sda] Attached SCSI disk
[    5.115928] e1000 0000:00:03.0 eth0: (PCI:33MHz:32-bit) 02:96:8e:bc:5b:f3
[    5.117852] e1000 0000:00:03.0 eth0: Intel(R) PRO/1000 Network Connection
[    5.471993] e1000 0000:00:08.0 eth1: (PCI:33MHz:32-bit) 08:00:27:3e:12:be
[    5.473931] e1000 0000:00:08.0 eth1: Intel(R) PRO/1000 Network Connection
[    5.477927] e1000 0000:00:08.0 enp0s8: renamed from eth1
[    5.498527] e1000 0000:00:03.0 enp0s3: renamed from eth0
Begin: Loading essential drivers ... [    6.836852] md: linear personality registered for level -1
[    6.841913] md: multipath personality registered for level -4
[    6.847441] md: raid0 personality registered for level 0
[    6.854227] md: raid1 personality registered for level 1
[    6.924042] raid6: sse2x1   gen()  7477 MB/s
[    6.992099] raid6: sse2x1   xor()  6629 MB/s
[    7.060094] raid6: sse2x2   gen() 13112 MB/s
[    7.128362] raid6: sse2x2   xor()  8647 MB/s
[    7.196059] raid6: sse2x4   gen() 15077 MB/s
[    7.264064] raid6: sse2x4   xor()  5876 MB/s
[    7.332051] raid6: avx2x1   gen() 14075 MB/s
[    7.400044] raid6: avx2x2   gen() 16694 MB/s
[    7.468038] raid6: avx2x4   gen() 18573 MB/s
[    7.468710] raid6: using algorithm avx2x4 gen() 18573 MB/s
[    7.469449] raid6: using avx2x2 recovery algorithm
[    7.471176] xor: automatically using best checksumming function:
[    7.508078]    avx       : 10141.000 MB/sec
[    7.510844] async_tx: api initialized (async)
[    7.525558] md: raid6 personality registered for level 6
[    7.527498] md: raid5 personality registered for level 5
[    7.529223] md: raid4 personality registered for level 4
[    7.535148] md: raid10 personality registered for level 10
done.
Begin: Running /scripts/init-premount ... done.
Begin: Mounting root file system ... Begin: Running /scripts/local-top ... done.
Begin: Running /scripts/local-premount ... [    7.575329] Btrfs loaded
Scanning for Btrfs filesystems
done.
Warning: fsck not present, so skipping root file system
[    7.620277] EXT4-fs (sda1): mounted filesystem with ordered data mode. Opts: (null)
done.
Begin: Running /scripts/local-bottom ... done.
Begin: Running /scripts/init-bottom ... done.
[    7.786241] systemd[1]: systemd 229 running in system mode. (+PAM +AUDIT +SELINUX +IMA +APPARMOR +SMACK +SYSVINIT +UTMP +LIBCRYPTSETUP +GCRYPT +GNUTLS +ACL +XZ -LZ4 +SECCOMP +BLKID +ELFUTILS +KMOD -IDN)
[    7.790523] systemd[1]: Detected virtualization oracle.
[    7.791312] systemd[1]: Detected architecture x86-64.

Welcome to [1mUbuntu 16.04.7 LTS[0m!

[    7.794627] systemd[1]: Set hostname to <ubuntu>.
[    7.797829] systemd[1]: Initializing machine ID from random generator.
[    7.798679] systemd[1]: Installed transient /etc/machine-id file.
[    7.996998] systemd[1]: Listening on Syslog Socket.
[[0;32m  OK  [0m] Listening on Syslog Socket.
[    7.999858] systemd[1]: Set up automount Arbitrary Executable File Formats File System Automount Point.
[[0;32m  OK  [0m] Set up automount Arbitrary Executab...ats File System Automount Point.
[    8.001582] systemd[1]: Listening on LVM2 poll daemon socket.
[[0;32m  OK  [0m] Listening on LVM2 poll daemon socket.
[    8.002558] systemd[1]: Started Trigger resolvconf update for networkd DNS.
[[0;32m  OK  [0m] Started Trigger resolvconf update for networkd DNS.
[    8.003896] systemd[1]: Created slice System Slice.
[[0;32m  OK  [0m] Created slice System Slice.
[    8.004985] systemd[1]: Created slice system-serial\x2dgetty.slice.
[[0;32m  OK  [0m] Created slice system-serial\x2dgetty.slice.
[    8.005944] systemd[1]: Reached target Encrypted Volumes.
[[0;32m  OK  [0m] Reached target Encrypted Volumes.
[    8.006885] systemd[1]: Listening on udev Control Socket.
[[0;32m  OK  [0m] Listening on udev Control Socket.
[    8.007826] systemd[1]: Listening on LVM2 metadata daemon socket.
[[0;32m  OK  [0m] Listening on LVM2 metadata daemon socket.
[    8.008831] systemd[1]: Reached target System Time Synchronized.
[[0;32m  OK  [0m] Reached target System Time Synchronized.
[    8.009787] systemd[1]: Listening on fsck to fsckd communication Socket.
[[0;32m  OK  [0m] Listening on fsck to fsckd communication Socket.
[    8.010819] systemd[1]: Listening on Journal Socket.
[[0;32m  OK  [0m] Listening on Journal Socket.
[    8.024219] systemd[1]: Starting Load Kernel Modules...
         Starting Load Kernel Modules...
[    8.030001] systemd[1]: Mounting Huge Pages File System...
         Mounting Huge Pages File System...
[    8.034702] systemd[1]: Mounting Debug File System...
         Mounting Debug File System...
[    8.037906] systemd[1]: Starting Uncomplicated firewall...
         Starting Uncomplicated firewall...
[    8.040798] Loading iSCSI transport class v2.0-870.
[    8.044819] systemd[1]: Starting File System Check on Root Device...
         Starting File System Check on Root Device...
[    8.046682] systemd[1]: Starting Create list of required static device nodes for the current kernel...
         Starting Create list of required st... nodes for the current kernel...
[    8.050195] iscsi: registered transport (tcp)
[    8.068585] systemd[1]: Starting Nameserver information manager...
         Starting Nameserver information manager...
[    8.074976] systemd[1]: Listening on /dev/initctl Compatibility Named Pipe.
[[0;32m  OK  [0m] Listening on /dev/initctl Compatibility Named Pipe.
[    8.077930] systemd[1]: Mounting POSIX Message Queue File System...
         Mounting POSIX Message Queue File System...
[    8.079178] systemd[1]: Listening on udev Kernel Socket.
[[0;32m  OK  [0m] Listening on udev Kernel Socket.
[    8.080370] systemd[1]: Listening on Journal Audit Socket.
[[0;32m  OK  [0m] Listening on Journal Audit Socket.
[    8.082138] systemd[1]: Listening on Journal Socket (/dev/log).
[[0;32m  OK  [0m] Listening on Journal Socket (/dev/log).
[    8.085011] systemd[1]: Reached target Swap.
[[0;32m  OK  [0m] Reached target Swap.
[    8.086679] systemd[1]: Starting Set console keymap...
         Starting Set console keymap...
[    8.091663] iscsi: registered transport (iser)
[    8.094208] systemd[1]: Created slice User and Session Slice.
[[0;32m  OK  [0m] Created slice User and Session Slice.
[    8.100346] systemd[1]: Reached target Slices.
[[0;32m  OK  [0m] Reached target Slices.
[    8.103031] systemd[1]: Started Forward Password Requests to Wall Directory Watch.
[[0;32m  OK  [0m] Started Forward Password Requests to Wall Directory Watch.
[    8.107915] systemd[1]: Listening on Device-mapper event daemon FIFOs.
[[0;32m  OK  [0m] Listening on Device-mapper event daemon FIFOs.
[    8.129007] systemd[1]: Starting Monitoring of LVM2 mirrors, snapshots etc. using dmeventd or progress polling...
         Starting Monitoring of LVM2 mirrors... dmeventd or progress polling...
[    8.136437] systemd[1]: Starting Journal Service...
         Starting Journal Service...
[    8.141085] systemd[1]: Reached target User and Group Name Lookups.
[[0;32m  OK  [0m] Reached target User and Group Name Lookups.
[    8.146371] systemd[1]: Mounted Huge Pages File System.
[[0;32m  OK  [0m] Mounted Huge Pages File System.
[    8.148384] systemd[1]: Mounted POSIX Message Queue File System.
[[0;32m  OK  [0m] Mounted POSIX Message Queue File System.
[    8.152119] systemd[1]: Mounted Debug File System.
[[0;32m  OK  [0m] Mounted Debug File System.
[    8.156980] systemd[1]: Started Load Kernel Modules.
[[0;32m  OK  [0m] Started Load Kernel Modules.
[    8.162181] systemd[1]: Started Uncomplicated firewall.
[[0;32m  OK  [0m] Started Uncomplicated firewall.
[    8.166907] systemd[1]: Started File System Check on Root Device.
[[0;32m  OK  [0m] Started File System Check on Root Device.
[    8.169456] systemd[1]: Started Create list of required static device nodes for the current kernel.
[[0;32m  OK  [0m] Started Create list of required sta...ce nodes for the current kernel.
[    8.193831] systemd[1]: Started Set console keymap.
[[0;32m  OK  [0m] Started Set console keymap.
[    8.201590] systemd[1]: Started Journal Service.
[[0;32m  OK  [0m] Started Journal Service.
[[0;32m  OK  [0m] Started Nameserver information manager.
[[0;32m  OK  [0m] Started LVM2 metadata daemon.[    8.210068] random: nonblocking pool is initialized

[[0;32m  OK  [0m] Started File System Check Daemon to report status.
         Starting Create Static Device Nodes in /dev...
         Starting Remount Root and Kernel File Systems...
[    8.222996] EXT4-fs (sda1): re-mounted. Opts: (null)
         Starting Apply Kernel Variables...
         Mounting FUSE Control File System...
[[0;32m  OK  [0m] Mounted FUSE Control File System.
[[0;32m  OK  [0m] Started Remount Root and Kernel File Systems.
[[0;32m  OK  [0m] Started Apply Kernel Variables.
         Starting udev Coldplug all Devices...
         Starting Load/Save Random Seed...
         Starting Flush Journal to Persistent Storage...
[[0;32m  OK  [0m] Started Create Static Device Nodes in /dev.
         Starting udev Kernel Device Manager...
[[0;32m  OK  [0m] Started Load/Save Random Seed.
[[0;32m  OK  [0m] Started Flush Journal to Persistent Storage.
[[0;32m  OK  [0m] Started udev Kernel Device Manager.
[[0;32m  OK  [0m] Started udev Coldplug all Devices.
[[0;32m  OK  [0m] Started Dispatch Password Requests to Console Directory Watch.
[[0;32m  OK  [0m] Found device /dev/ttyS0.
[[0;32m  OK  [0m] Listening on Load/Save RF Kill Switch Status /dev/rfkill Watch.
[[0;32m  OK  [0m] Started Monitoring of LVM2 mirrors,...ng dmeventd or progress polling.
[[0;32m  OK  [0m] Reached target Local File Systems (Pre).
[[0;32m  OK  [0m] Reached target Local File Systems.
         Starting Set console font and keymap...
         Starting Tell Plymouth To Write Out Runtime Data...
         Starting Initial cloud-init job (pre-networking)...
         Starting LSB: AppArmor initialization...
         Starting Commit a transient machine-id on disk...
         Starting Create Volatile Files and Directories...
[[0;32m  OK  [0m] Started Create Volatile Files and Directories.
[[0;32m  OK  [0m] Started Tell Plymouth To Write Out Runtime Data.
[[0;32m  OK  [0m] Started Commit a transient machine-id on disk.
         Starting Update UTMP about System Boot/Shutdown...
[[0;32m  OK  [0m] Started Update UTMP about System Boot/Shutdown.
[[0;32m  OK  [0m] Started Set console font and keymap.
[[0;32m  OK  [0m] Created slice system-getty.slice.
[[0;32m  OK  [0m] Started LSB: AppArmor initialization.
         Starting Load AppArmor profiles managed internally by snapd...
[[0;32m  OK  [0m] Started Load AppArmor profiles managed internally by snapd.
[   10.222379] cloud-init[627]: Cloud-init v. 20.4.1-0ubuntu1~16.04.1 running 'init-local' at Wed, 26 May 2021 20:06:23 +0000. Up 9.85 seconds.
[[0;32m  OK  [0m] Started Initial cloud-init job (pre-networking).
[[0;32m  OK  [0m] Reached target Network (Pre).
         Starting Raise network interfaces...
[[0;32m  OK  [0m] Started Raise network interfaces.
[[0;32m  OK  [0m] Reached target Network.
         Starting Initial cloud-init job (metadata service crawler)...
[   11.664625] cloud-init[960]: Cloud-init v. 20.4.1-0ubuntu1~16.04.1 running 'init' at Wed, 26 May 2021 20:06:24 +0000. Up 10.93 seconds.
[   11.666377] cloud-init[960]: ci-info: ++++++++++++++++++++++++++++++++++++++Net device info+++++++++++++++++++++++++++++++++++++++
[   11.668578] cloud-init[960]: ci-info: +--------+-------+----------------------------+---------------+--------+-------------------+
[   11.670622] cloud-init[960]: ci-info: | Device |   Up  |          Address           |      Mask     | Scope  |     Hw-Address    |
[   11.672808] cloud-init[960]: ci-info: +--------+-------+----------------------------+---------------+--------+-------------------+
[   11.674763] cloud-init[960]: ci-info: | enp0s3 |  True |         10.0.2.15          | 255.255.255.0 | global | 02:96:8e:bc:5b:f3 |
[   11.676948] cloud-init[960]: ci-info: | enp0s3 |  True | fe80::96:8eff:febc:5bf3/64 |       .       |  link  | 02:96:8e:bc:5b:f3 |
[   11.679130] cloud-init[960]: ci-info: | enp0s8 | False |             .              |       .       |   .    | 08:00:27:3e:12:be |
[   11.680553] cloud-init[960]: ci-info: |   lo   |  True |         127.0.0.1          |   255.0.0.0   |  host  |         .         |
[   11.689341] cloud-init[960]: ci-info: |   lo   |  True |          ::1/128           |       .       |  host  |         .         |
[   11.690357] cloud-init[960]: ci-info: +--------+-------+----------------------------+---------------+--------+-------------------+
[   11.691354] cloud-init[960]: ci-info: +++++++++++++++++++++++++++Route IPv4 info++++++++++++++++++++++++++++
[   11.692577] cloud-init[960]: ci-info: +-------+-------------+----------+---------------+-----------+-------+
[   11.694626] cloud-init[960]: ci-info: | Route | Destination | Gateway  |    Genmask    | Interface | Flags |
[   11.696664] cloud-init[960]: ci-info: +-------+-------------+----------+---------------+-----------+-------+
[   11.698651] cloud-init[960]: ci-info: |   0   |   0.0.0.0   | 10.0.2.2 |    0.0.0.0    |   enp0s3  |   UG  |
[   11.700673] cloud-init[960]: ci-info: |   1   |   10.0.2.0  | 0.0.0.0  | 255.255.255.0 |   enp0s3  |   U   |
[   11.701666] cloud-init[960]: ci-info: +-------+-------------+----------+---------------+-----------+-------+
[   11.702387] cloud-init[960]: ci-info: +++++++++++++++++++Route IPv6 info+++++++++++++++++++
[   11.708413] cloud-init[960]: ci-info: +-------+-------------+---------+-----------+-------+
[   11.710189] cloud-init[960]: ci-info: | Route | Destination | Gateway | Interface | Flags |
[   11.712365] cloud-init[960]: ci-info: +-------+-------------+---------+-----------+-------+
[   11.714259] cloud-init[960]: ci-info: |   0   |  fe80::/64  |    ::   |   enp0s3  |   U   |
[   11.716307] cloud-init[960]: ci-info: |   3   |   ff00::/8  |    ::   |   enp0s3  |   U   |
[   11.718146] cloud-init[960]: ci-info: +-------+-------------+---------+-----------+-------+[[0;32m  OK  [0m] Started Initial cloud-init job (metadata service crawler).
[[0;32m  OK  [0m] Reached target Network is Online.

[   11.728284]          Starting iSCSI initiator daemon (iscsid)...
[[0;32m  OK  [0m] Reached target Cloud-config availability.
[[0;32m  OK  [0m] Reached target System Initialization.
cloud-init[960]: Generating public/private rsa key pair.
         Starting LXD - unix socket.
[   11.729481] cloud-init[960]: Your identification has been saved in /etc/ssh/ssh_host_rsa_key.
[   11.733697] cloud-init[960]: Your public key has been saved in /etc/ssh/ssh_host_rsa_key.pub.
[[0;32m  OK  [0m[   11.734626] cloud-init[960]: The key fingerprint is:
[   11.734910] cloud-init[960]: SHA256:qF6Iu9wv4X7iuFp3KpYtKeYv2oh0mJWByBuGWS1bhTE root@ubuntu-xenial
[   11.735637] cloud-init[960]: The key's randomart image is:
] [   11.736626] cloud-init[960]: +---[RSA 2048]----+
[   11.737071] cloud-init[960]: |  ..E+.          |
[   11.737206] cloud-init[960]: |+oo +.           |
[   11.737345] cloud-init[960]: |+= =             |
[   11.737999] cloud-init[960]: |. + o  .         |
[   11.738579] cloud-init[960]: | . o  . S        |
Listening on ACPID Listen Socket.[   11.739002] cloud-init[960]: |  +..o           |
[   11.739192] cloud-init[960]: | +o*+.o          |

[   11.739499] cloud-init[960]: |+BB*=+.          |
[   11.742361]          Starting Socket activation for snappy daemon.
cloud-init[960]: |O=XO*=.          |
[   11.748241] cloud-init[960]: +----[SHA256]-----+
[   11.748340] cloud-init[960]: Generating public/private dsa key pair.
[   11.748482] cloud-init[960]: Your identification has been saved in /etc/ssh/ssh_host_dsa_key.
[   11.748533] cloud-init[960]: Your public key has been saved in /etc/ssh/ssh_host_dsa_key.pub.
[   11.748648] cloud-init[960]: The key fingerprint is:
[   11.748903] cloud-init[960]: SHA256:TgdPaZOHDKCn/VGHVDYpXXcUV7N8utx5p8pTgQ2rYqU root@ubuntu-xenial
[   11.749001] cloud-init[960]: The key's randomart image is:
[   11.749059] cloud-init[960]: +---[DSA 1024]----+
[   11.749113] cloud-init[960]: |      ... .o+o.+O|
[   11.749169] cloud-init[960]: |     .   +.*+...=|
[   11.751596] cloud-init[960]: |    . . . @.o= o.|
[   11.752346] cloud-init[960]: |     +   *.+o o..|
[[   11.753421] cloud-init[960]: |    . . Soo.  .. |
[   11.753581] cloud-init[960]: |       +Eo.  ..o.|
[   11.754092] cloud-init[960]: |       .o.   .o.+|
[   11.754573] cloud-init[960]: |           ..  .o|
[   11.754735] cloud-init[960]: |            oo.  |
[   11.754839] cloud-init[960]: +----[SHA256]-----+
[   11.755122] cloud-init[960]: Generating public/private ecdsa key pair.
[   11.756012] cloud-init[960]: Your identification has been saved in /etc/ssh/ssh_host_ecdsa_key.
[   11.756169] cloud-init[960]: Your public key has been saved in /etc/ssh/ssh_host_ecdsa_key.pub.
[   11.756313] cloud-init[960]: The key fingerprint is:
[   11.756435] cloud-init[960]: SHA256:2tNEr5eZ9BFK2ngDXHONPF9s5ROUyHdKPEV6zYkm7LE root@ubuntu-xenial
[0;32m  OK  [0m] Started Message of the Day.
[   11.756997] cloud-init[960]: The key's randomart image is:
[   11.758283] cloud-init[960]: +---[ECDSA 256]---+
[   11.759033] cloud-init[960]: |            +o+O*|
[[0;32m  OK  [0m] Started ACPI Events Check.
[   11.759794] cloud-init[960]: |         ... =O*X|
[[0;32m  OK  [0m[   11.760716] cloud-init[960]: |          ++.++OB|
[   11.760942] cloud-init[960]: |         ..B=..oo|
] Reached target Paths.
[   11.761120] cloud-init[960]: |        S +EB .  |
[   11.761378] cloud-init[960]: |       o o + * . |
[[0;32m  OK  [0m] Started Daily Cleanup of Temporary Directories.
[[   11.761483] [0;32m  OK  [0mcloud-init] [960]: |      . o o = .  |
[   11.762034] cloud-init[960]: |         . .     |
Listening on UUID daemon activation socket.[   11.762279] cloud-init[960]: |                 |
[   11.762511] cloud-init[960]: +----[SHA256]-----+
[   11.762541] cloud-init[960]: Generating public/private ed25519 key pair.
[   11.762589] cloud-init[960]: Your identification has been saved in /etc/ssh/ssh_host_ed25519_key.
[   11.762799] cloud-init[960]: Your public key has been saved in /etc/ssh/ssh_host_ed25519_key.pub.
[   11.762873] cloud-init[960]: The key fingerprint is:
[   11.763083] cloud-init[960]: SHA256:cZNzJ0z/AlA3hVXgz7BDXGeoodb08SBTuv3cFni0Dn0 root@ubuntu-xenial
[   11.763114] cloud-init[960]: The key's randomart image is:
[   11.763263] cloud-init[960]: +--[ED25519 256]--+

[   11.763307] cloud-init[960]: |          ..o.=*O|
[   11.764515] cloud-init[960]: |           ==*=+.|
[   11.764635] cloud-init[960]: |        . =+**B= |
[   11.764680] cloud-init[960]: |         oo+oB=*o|
[   11.764726] cloud-init[960]: |        S.  .o==E|
[   11.764848] cloud-init[960]: |              +=+|
[   11.764932] cloud-init[960]: |               .=|
[   11.764970] cloud-init[960]: |               . |
[   11.765014] cloud-init[960]: |                 |
[   11.765156] cloud-init[960]: +----[SHA256]-----+
[[0;32m  OK  [0m] Listening on D-Bus System Message Bus Socket.
[[0;32m  OK  [0m] Started Daily apt download activities.
[[0;32m  OK  [0m] Started Daily apt upgrade and clean activities.
[[0;32m  OK  [0m] Reached target Timers.
[[0;32m  OK  [0m] Listening on LXD - unix socket.
[[0;32m  OK  [0m] Listening on Socket activation for snappy daemon.
[[0;32m  OK  [0m] Reached target Sockets.
[[0;32m  OK  [0m] Reached target Basic System.
         Starting LSB: MD monitoring daemon...
         Starting LSB: Record successful boot for GRUB...
[[0;32m  OK  [0m] Started Regular background program processing daemon.
[[0;32m  OK  [0m] Started ACPI event daemon.
         Starting Pollinate to seed the pseudo random number generator...
         Starting Virtualbox guest utils...
[[0;32m  OK  [0m] Started Deferred execution scheduler.
         Starting LXD - container startup/shutdown...
         Starting Accounts Service...
[[0;32m  OK  [0m] Started FUSE filesystem for LXC.
[[0;32m  OK  [0m] Started D-Bus System Message Bus.
         Starting /etc/rc.local Compatibility...
         Starting Snap Daemon...
         Starting System Logging Service...
         Starting Login Service...
[[0;32m  OK  [0m] Started iSCSI initiator daemon (iscsid).
[[0;32m  OK  [0m] Started /etc/rc.local Compatibility.
         Starting Authenticate and Authorize Users to Run Privileged Tasks...
         Starting Login to default iSCSI targets...
[[0;32m  OK  [0m] Started LSB: Record successful boot for GRUB.
[[0;32m  OK  [0m] Started Login Service.
[[0;32m  OK  [0m] Started Unattended Upgrades Shutdown.
[[0;32m  OK  [0m] Started LSB: MD monitoring daemon.
[[0;32m  OK  [0m] Started System Logging Service.
[[0;32m  OK  [0m] Started Authenticate and Authorize Users to Run Privileged Tasks.
[[0;32m  OK  [0m] Started Accounts Service.
[[0;32m  OK  [0m] Started Login to default iSCSI targets.
[[0;32m  OK  [0m] Reached target Remote File Systems (Pre).
[[0;32m  OK  [0m] Reached target Remote File Systems.
         Starting LSB: daemon to balance interrupts for SMP systems...
         Starting LSB: Set the CPU Frequency Scaling governor to "ondemand"...
         Starting LSB: automatic crash report generation...
         Starting Permit User Sessions...
[[0;32m  OK  [0m] Started Permit User Sessions.
         Starting Hold until boot process finishes up...
         Starting Terminate Plymouth Boot Screen...
[[0;32m  OK  [0m] Started Hold until boot process finishes up.
[[0;32m  OK  [0m] Started Terminate Plymouth Boot Screen.
         Starting Set console scheme...
[[0;32m  OK  [0m] Started Getty on tty1.
[[0;32m  OK  [0m] Started Serial Getty on ttyS0.
[[0;32m  OK  [0m] Reached target Login Prompts.
[[0;32m  OK  [0m] Started Virtualbox guest utils.
[[0;32m  OK  [0m] Started LSB: daemon to balance interrupts for SMP systems.
[[0;32m  OK  [0m] Started LXD - container startup/shutdown.
[[0;32m  OK  [0m] Started Set console scheme.
[[0;32m  OK  [0m] Started LSB: Set the CPU Frequency Scaling governor to "ondemand".
[[0;32m  OK  [0m] Started LSB: automatic crash report generation.
[[0;32m  OK  [0m] Started Snap Daemon.
         Starting Wait until snapd is fully seeded...
[[0;32m  OK  [0m] Started Pollinate to seed the pseudo random number generator.
         Starting OpenBSD Secure Shell server...
[[0;32m  OK  [0m] Started OpenBSD Secure Shell server.
[[0;32m  OK  [0m] Created slice User Slice of vagrant.
         Starting User Manager for UID 1000...
[[0;32m  OK  [0m] Started Session 1 of user vagrant.
[[0;32m  OK  [0m] Started User Manager for UID 1000.
[[0;32m  OK  [0m] Started Wait until snapd is fully seeded.
         Starting Apply the settings specified in cloud-config...
[[0;32m  OK  [0m] Reached target Multi-User System.
[[0;32m  OK  [0m] Reached target Graphical Interface.
         Starting Update UTMP about System Runlevel Changes...
[[0;32m  OK  [0m] Started Update UTMP about System Runlevel Changes.
[[0;32m  OK  [0m] Started Session 2 of user vagrant.
[   15.964620] cloud-init[1500]: Generating locales (this might take a while)...
[   16.636742] cloud-init[1500]:   en_US.UTF-8... done
[   16.638382] cloud-init[1500]: Generation complete.
[   17.045892] cloud-init[1500]: Cloud-init v. 20.4.1-0ubuntu1~16.04.1 running 'modules:config' at Wed, 26 May 2021 20:06:29 +0000. Up 15.86 seconds.
         Starting Hostname Service...
[[0;32m  OK  [0m] Started Apply the settings specified in cloud-config.
         Starting Execute cloud user/final scripts...
[[0;32m  OK  [0m] Started Hostname Service.
ci-info: no authorized SSH keys fingerprints found for user ubuntu.
<14>May 26 20:06:31 ec2: 
<14>May 26 20:06:31 ec2: #############################################################
<14>May 26 20:06:31 ec2: -----BEGIN SSH HOST KEY FINGERPRINTS-----
<14>May 26 20:06:31 ec2: 1024 SHA256:TgdPaZOHDKCn/VGHVDYpXXcUV7N8utx5p8pTgQ2rYqU root@ubuntu-xenial (DSA)
<14>May 26 20:06:31 ec2: 256 SHA256:2tNEr5eZ9BFK2ngDXHONPF9s5ROUyHdKPEV6zYkm7LE root@ubuntu-xenial (ECDSA)
<14>May 26 20:06:31 ec2: 256 SHA256:cZNzJ0z/AlA3hVXgz7BDXGeoodb08SBTuv3cFni0Dn0 root@ubuntu-xenial (ED25519)
<14>May 26 20:06:31 ec2: 2048 SHA256:qF6Iu9wv4X7iuFp3KpYtKeYv2oh0mJWByBuGWS1bhTE root@ubuntu-xenial (RSA)
<14>May 26 20:06:31 ec2: -----END SSH HOST KEY FINGERPRINTS-----
<14>May 26 20:06:31 ec2: #############################################################
-----BEGIN SSH HOST KEY KEYS-----
ecdsa-sha2-nistp256 AAAAE2VjZHNhLXNoYTItbmlzdHAyNTYAAAAIbmlzdHAyNTYAAABBBDme+Wp9TM68HtUwX84hSe4HdqZMS4xZDlR6KojM//EHXczxdRyycmJG+QBfZskwvbFeiV0QZrtA7nPvWQNKTU4= root@ubuntu-xenial
ssh-ed25519 AAAAC3NzaC1lZDI1NTE5AAAAIOkBdubEUQlL+iCqDptCLhOwqOOH3hI8UFBILKEmMRyb root@ubuntu-xenial
ssh-rsa AAAAB3NzaC1yc2EAAAADAQABAAABAQCVLBBkoTTLb1Q24SRjr74YyeYaxmoikrOU1rXDPVVvVybxGpQjxBxhsNAucwl8lCGvtlbirNDvU46WgguqkC3c8Rgew4FjcV0r32WWs90juMbQt5+Qq94STuBAwiIwE/MxtDXmp/4sys3DMIDGTaA5PbXlisO69rSxCedVjkqKHyjfRikeaeu9gHAV3jf21B4HkmIQ1w09k8B9pkkl1Qg7K7cSMdJg5uUXTrtHd5qiBSIW54Kfl00EYcbdeYqkhMj0bdruiVIlDuLLu6y6ec75r3Qg/oNA/R9vJzZ1OI7vg2vsz59m3khfAgvQ4urYLQwOJinToOsF0NdqMRuXFmZN root@ubuntu-xenial
-----END SSH HOST KEY KEYS-----
[   17.652746] cloud-init[1620]: Cloud-init v. 20.4.1-0ubuntu1~16.04.1 running 'modules:final' at Wed, 26 May 2021 20:06:31 +0000. Up 17.47 seconds.
[   17.653539] cloud-init[1620]: ci-info: no authorized SSH keys fingerprints found for user ubuntu.
[   17.654083] cloud-init[1620]: Cloud-init v. 20.4.1-0ubuntu1~16.04.1 finished at Wed, 26 May 2021 20:06:31 +0000. Datasource DataSourceNoCloud [seed=/dev/sdb][dsmode=net].  Up 17.64 seconds

Ubuntu 16.04.7 LTS master ttyS0

master login: [   50.832478] e1000 0000:00:03.0 enp0s3: Reset adapter
